[11:58:54] [main/INFO] (FabricLoader/GameProvider) Loading Minecraft 1.21.1 with Fabric Loader 0.19.5
[11:58:55] [main/INFO] (FabricLoader) Loading 57 mods:
	- fabric-api 0.116.17+1.21.1
	- fabric-api-base 0.4.42+6573ed8c19
	- fabric-api-lookup-api-v1 1.6.72+7b3d111d19
	- fabric-biome-api-v1 13.0.31+d527f9fd19
	- fabric-block-api-v1 1.1.0+0bc3503219
	- fabric-block-view-api-v2 1.0.11+ebb2264e19
	- fabric-blockrenderlayer-v1 1.1.52+0af3f5a719
	- fabric-client-tags-api-v1 1.2.0+1eb36c0719
	- fabric-command-api-v1 1.2.49+f71b366f19
	- fabric-command-api-v2 2.2.28+6ced4dd919
	- fabric-commands-v0 0.2.66+df3654b319
	- fabric-content-registries-v0 8.0.19+b559734419
	- fabric-convention-tags-v1 2.1.7+7f945d5b19
	- fabric-convention-tags-v2 2.12.0+c3656daa19
	- fabric-crash-report-info-v1 0.2.29+0af3f5a719
	- fabric-data-attachment-api-v1 1.4.7+5b36e0f719
	- fabric-data-generation-api-v1 20.3.0+1eb36c0719
	- fabric-dimensions-v1 4.0.1+65213ef819
	- fabric-entity-events-v1 1.8.0+2b27e0a419
	- fabric-events-interaction-v0 0.7.14+ba9dae0619
	- fabric-game-rule-api-v1 1.0.53+6ced4dd919
	- fabric-gametest-api-v1 2.0.5+6fc22b9919
	- fabric-item-api-v1 11.3.0+467044f319
	- fabric-item-group-api-v1 4.1.7+def88e3a19
	- fabric-key-binding-api-v1 1.0.47+0af3f5a719
	- fabric-keybindings-v0 0.2.45+df3654b319
	- fabric-lifecycle-events-v1 2.6.0+0865547519
	- fabric-loot-api-v2 3.0.15+3f89f5a519
	- fabric-loot-api-v3 1.0.3+3f89f5a519
	- fabric-message-api-v1 6.0.14+8aaf3aca19
	- fabric-model-loading-api-v1 2.1.0+b4d813fc19
	- fabric-networking-api-v1 4.3.1+d30f6a7919
	- fabric-object-builder-api-v1 15.2.1+40875a9319
	- fabric-particles-v1 4.0.2+6573ed8c19
	- fabric-recipe-api-v1 5.0.16+2475392c19
	- fabric-registry-sync-v0 5.3.2+e3eddc2119
	- fabric-renderer-api-v1 3.4.1+b4d813fc19
	- fabric-renderer-indigo 1.7.1+c705a49c19
	- fabric-renderer-registries-v1 3.2.71+df3654b319
	- fabric-rendering-data-attachment-v1 0.3.49+73761d2e19
	- fabric-rendering-fluids-v1 3.1.6+1daea21519
	- fabric-rendering-v0 1.1.74+df3654b319
	- fabric-rendering-v1 5.2.1+f44c2eea19
	- fabric-resource-conditions-api-v1 4.3.0+8dc279b119
	- fabric-resource-loader-v0 1.3.1+5b5275af19
	- fabric-screen-api-v1 2.0.26+639b4c0719
	- fabric-screen-handler-api-v1 1.3.91+b559734419
	- fabric-sound-api-v1 1.0.23+6573ed8c19
	- fabric-tag-api-v1 1.3.0+1eb36c0719
	- fabric-transfer-api-v1 5.4.4+7b3d111d19
	- fabric-transitive-access-wideners-v1 6.2.0+45b9699719
	- fabricloader 0.19.5
	- java 21
	- jei 19.27.0.340
	- jeichaincraft 0.3.0
	- minecraft 1.21.1
	- mixinextras 0.5.5
[11:58:55] [main/INFO] (FabricLoader/Mixin) SpongePowered MIXIN Subsystem Version=0.8.7 Source=file:/C:/Users/tidic/.gradle/caches/modules-2/files-2.1/net.fabricmc/sponge-mixin/0.17.4+mixin.0.8.7/5f66cc9f59b8efaa942155a3d5a30599bf6640dd/sponge-mixin-0.17.4+mixin.0.8.7.jar Service=Knot/Fabric Env=CLIENT
[11:58:55] [main/INFO] (FabricLoader/Mixin) Loaded Fabric development mappings for mixin remapper!
[11:58:56] [main/INFO] (FabricLoader/MixinExtras|Service) Initializing MixinExtras via com.llamalad7.mixinextras.service.MixinExtrasServiceImpl(version=0.5.5).
[11:58:57] [Datafixer Bootstrap/INFO] (Minecraft) 226 Datafixer optimizations took 428 milliseconds
[11:58:58] [main/WARN] (PerfmonDisabled) Invalid registry value type detected for PerfOS counters. Should be REG_DWORD. Ignoring: HKEY_LOCAL_MACHINE\SYSTEM\CurrentControlSet\Services\PerfOS\Performance\Disable Performance Counters.
[11:59:04] [Render thread/INFO] (Minecraft) Environment: Environment[sessionHost=https://sessionserver.mojang.com, servicesHost=https://api.minecraftservices.com, name=PROD]
[11:59:04] [Render thread/INFO] (Minecraft) Setting user: Player150
[11:59:04] [Render thread/INFO] (JEIChainCraftMod) JEI Chain Craft loading
[11:59:04] [Render thread/INFO] (Indigo) [Indigo] Registering Indigo renderer!
[11:59:05] [Render thread/INFO] (PluginCaller) Sending ConfigManager...
[11:59:05] [Render thread/INFO] (PluginCaller) Sending ConfigManager took 2.423 milliseconds
[11:59:05] [Render thread/INFO] (Minecraft) Backend library: LWJGL version 3.3.3-snapshot
[11:59:07] [Render thread/INFO] (Minecraft) Reloading ResourceManager: vanilla, fabric, fabric-api, fabric-api-base, fabric-api-lookup-api-v1, fabric-biome-api-v1, fabric-block-api-v1, fabric-block-view-api-v2, fabric-blockrenderlayer-v1, fabric-client-tags-api-v1, fabric-command-api-v1, fabric-command-api-v2, fabric-commands-v0, fabric-content-registries-v0, fabric-convention-tags-v1, fabric-convention-tags-v2, fabric-crash-report-info-v1, fabric-data-attachment-api-v1, fabric-data-generation-api-v1, fabric-dimensions-v1, fabric-entity-events-v1, fabric-events-interaction-v0, fabric-game-rule-api-v1, fabric-gametest-api-v1, fabric-item-api-v1, fabric-item-group-api-v1, fabric-key-binding-api-v1, fabric-keybindings-v0, fabric-lifecycle-events-v1, fabric-loot-api-v2, fabric-loot-api-v3, fabric-message-api-v1, fabric-model-loading-api-v1, fabric-networking-api-v1, fabric-object-builder-api-v1, fabric-particles-v1, fabric-recipe-api-v1, fabric-registry-sync-v0, fabric-renderer-api-v1, fabric-renderer-indigo, fabric-renderer-registries-v1, fabric-rendering-data-attachment-v1, fabric-rendering-fluids-v1, fabric-rendering-v0, fabric-rendering-v1, fabric-resource-conditions-api-v1, fabric-resource-loader-v0, fabric-screen-api-v1, fabric-screen-handler-api-v1, fabric-sound-api-v1, fabric-tag-api-v1, fabric-transfer-api-v1, fabric-transitive-access-wideners-v1, fabricloader, jei, jeichaincraft
[11:59:07] [Worker-Main-13/INFO] (Minecraft) Found unifont_all_no_pua-15.1.05.hex, loading
[11:59:08] [Worker-Main-15/INFO] (Minecraft) Found unifont_jp_patch-15.1.05.hex, loading
[11:59:09] [Render thread/WARN] (Minecraft) Missing sound for event: minecraft:item.goat_horn.play
[11:59:09] [Render thread/WARN] (Minecraft) Missing sound for event: minecraft:entity.goat.screaming.horn_break
[11:59:09] [Render thread/INFO] (Minecraft) OpenAL initialized on device OpenAL Soft on Voicemeeter Input (VB-Audio Voicemeeter VAIO)
[11:59:09] [Render thread/INFO] (Minecraft) Sound engine started
[11:59:09] [Render thread/INFO] (Minecraft) Created: 1024x512x4 minecraft:textures/atlas/blocks.png-atlas
[11:59:09] [Render thread/INFO] (Minecraft) Created: 256x256x4 minecraft:textures/atlas/signs.png-atlas
[11:59:09] [Render thread/INFO] (Minecraft) Created: 512x512x4 minecraft:textures/atlas/banner_patterns.png-atlas
[11:59:09] [Render thread/INFO] (Minecraft) Created: 512x512x4 minecraft:textures/atlas/shield_patterns.png-atlas
[11:59:09] [Render thread/INFO] (Minecraft) Created: 1024x1024x4 minecraft:textures/atlas/armor_trims.png-atlas
[11:59:09] [Render thread/INFO] (Minecraft) Created: 256x256x4 minecraft:textures/atlas/chest.png-atlas
[11:59:09] [Render thread/INFO] (Minecraft) Created: 128x64x4 minecraft:textures/atlas/decorated_pot.png-atlas
[11:59:09] [Render thread/INFO] (Minecraft) Created: 512x256x4 minecraft:textures/atlas/shulker_boxes.png-atlas
[11:59:09] [Render thread/INFO] (Minecraft) Created: 512x256x4 minecraft:textures/atlas/beds.png-atlas
[11:59:10] [Render thread/INFO] (Minecraft) Created: 512x256x0 minecraft:textures/atlas/particles.png-atlas
[11:59:10] [Render thread/INFO] (Minecraft) Created: 512x256x0 minecraft:textures/atlas/paintings.png-atlas
[11:59:10] [Render thread/INFO] (Minecraft) Created: 256x128x0 minecraft:textures/atlas/mob_effects.png-atlas
[11:59:10] [Render thread/INFO] (Minecraft) Created: 64x64x0 minecraft:textures/atlas/map_decorations.png-atlas
[11:59:10] [Render thread/INFO] (Minecraft) Created: 1024x512x0 minecraft:textures/atlas/gui.png-atlas
[11:59:10] [Render thread/WARN] (Minecraft) Shader rendertype_entity_translucent_emissive could not find sampler named Sampler2 in the specified shader program.
[11:59:10] [Render thread/INFO] (Minecraft) Created: 256x256x0 jei:textures/atlas/gui.png-atlas
[11:59:21] [Render thread/INFO] (Minecraft) Loaded 1290 recipes
[11:59:21] [Render thread/INFO] (Minecraft) Loaded 1399 advancements
[11:59:21] [Render thread/INFO] (BiomeModificationImpl) Applied 0 biome modifications to 0 of 64 new biomes in 1.521 ms
[11:59:21] [Server thread/INFO] (Minecraft) Starting integrated minecraft server version 1.21.1
[11:59:21] [Server thread/INFO] (Minecraft) Generating keypair
[11:59:22] [Server thread/INFO] (Minecraft) Preparing start region for dimension minecraft:overworld
[11:59:22] [Render thread/INFO] (Minecraft) Preparing spawn area: 0%
[11:59:23] [Render thread/INFO] (Minecraft) Time elapsed: 506 ms
[11:59:23] [Server thread/INFO] (Minecraft) Changing view distance to 12, from 10
[11:59:23] [Server thread/INFO] (Minecraft) Changing simulation distance to 12, from 0
[11:59:24] [Server thread/INFO] (Minecraft) Player150[local:E:b34304b5] logged in with entity id 106 at (23.5, 80.0, 17.5)
[11:59:24] [Server thread/INFO] (Minecraft) Player150 joined the game
[11:59:24] [Render thread/INFO] (LoggedTimer) Starting JEI...
[11:59:24] [Render thread/INFO] (PluginCaller) Registering item subtypes...
[11:59:24] [Render thread/INFO] (PluginCallerTimerRunnable) Registering item subtypes: jei:minecraft took 16.41 milliseconds
[11:59:24] [Render thread/INFO] (PluginCaller) Registering item subtypes took 17.35 milliseconds
[11:59:24] [Render thread/INFO] (PluginCaller) Registering fluid subtypes...
[11:59:24] [Render thread/INFO] (PluginCaller) Registering fluid subtypes took 3.969 milliseconds
[11:59:24] [Render thread/INFO] (PluginCaller) Registering ingredients...
[11:59:24] [Render thread/INFO] (PluginCallerTimerRunnable) Registering ingredients: jei:minecraft took 168.4 milliseconds
[11:59:24] [Render thread/INFO] (PluginCaller) Registering ingredients took 169.2 milliseconds
[11:59:24] [Render thread/INFO] (PluginCaller) Registering extra ingredients...
[11:59:24] [Render thread/INFO] (PluginCaller) Registering extra ingredients took 662.4 microseconds
[11:59:24] [Render thread/INFO] (PluginCaller) Registering search ingredient aliases...
[11:59:24] [Render thread/INFO] (PluginCaller) Registering search ingredient aliases took 679.3 microseconds
[11:59:24] [Render thread/INFO] (PluginCaller) Registering Mod Info...
[11:59:24] [Render thread/INFO] (PluginCaller) Registering Mod Info took 751.5 microseconds
[11:59:24] [Render thread/INFO] (PluginCaller) Registering categories...
[11:59:24] [Render thread/INFO] (PluginCallerTimerRunnable) Registering categories: jei:minecraft took 47.86 milliseconds
[11:59:24] [Render thread/INFO] (PluginCallerTimerRunnable) Registering categories: jei:internal took 15.25 milliseconds
[11:59:24] [Render thread/INFO] (PluginCaller) Registering categories took 64.45 milliseconds
[11:59:24] [Render thread/INFO] (PluginCaller) Registering vanilla category extensions...
[11:59:24] [Render thread/INFO] (PluginCaller) Registering vanilla category extensions took 8.641 milliseconds
[11:59:24] [Render thread/INFO] (PluginCaller) Registering recipe catalysts...
[11:59:24] [Render thread/INFO] (PluginCaller) Registering recipe catalysts took 1.135 milliseconds
[11:59:24] [Render thread/INFO] (LoggedTimer) Building recipe registry...
[11:59:24] [Render thread/INFO] (LoggedTimer) Building recipe registry took 36.75 milliseconds
[11:59:24] [Render thread/INFO] (PluginCaller) Registering advanced plugins...
[11:59:24] [Render thread/INFO] (PluginCaller) Registering advanced plugins took 608.6 microseconds
[11:59:24] [Render thread/INFO] (PluginCaller) Registering recipes...
[11:59:25] [Render thread/INFO] (PluginCallerTimerRunnable) Registering recipes: jei:minecraft took 255.6 milliseconds
[11:59:25] [Render thread/INFO] (PluginCallerTimerRunnable) Registering recipes: jei:internal took 24.74 milliseconds
[11:59:25] [Render thread/INFO] (PluginCaller) Registering recipes took 281.4 milliseconds
[11:59:25] [Render thread/INFO] (PluginCaller) Registering recipes transfer handlers...
[11:59:25] [Render thread/INFO] (PluginCaller) Registering recipes transfer handlers took 6.522 milliseconds
[11:59:25] [Render thread/INFO] (LoggedTimer) Building runtime...
[11:59:25] [Render thread/INFO] (PluginCaller) Registering gui handlers...
[11:59:25] [Render thread/INFO] (PluginCallerTimerRunnable) Registering gui handlers: jei:minecraft took 24.41 milliseconds
[11:59:25] [Render thread/INFO] (PluginCallerTimerRunnable) Registering gui handlers: jei:gui took 12.41 milliseconds
[11:59:25] [Render thread/INFO] (PluginCaller) Registering gui handlers took 37.85 milliseconds
[11:59:25] [Render thread/INFO] (PluginCaller) Registering Runtime...
[11:59:25] [Render thread/INFO] (JeiGuiStarter) Starting JEI GUI
[11:59:25] [Render thread/INFO] (LoggedTimer) Building ingredient list...
[11:59:25] [Render thread/INFO] (LoggedTimer) Building ingredient list took 47.68 milliseconds
[11:59:25] [Render thread/INFO] (LoggedTimer) Building ingredient filter...
[11:59:25] [Render thread/INFO] (IngredientFilter) Adding 1688 ingredients
[11:59:25] [Render thread/INFO] (IngredientFilter) Added 1688 ingredients
[11:59:25] [Render thread/INFO] (LoggedTimer) Building ingredient filter took 276.2 milliseconds
[11:59:25] [Render thread/INFO] (PluginCallerTimerRunnable) Registering Runtime: jei:fabric_gui took 584.4 milliseconds
[11:59:25] [Render thread/INFO] (PluginCaller) Registering Runtime took 585.3 milliseconds
[11:59:25] [Render thread/INFO] (LoggedTimer) Building runtime took 681.0 milliseconds
[11:59:25] [Render thread/INFO] (PluginCaller) Sending Runtime...
[11:59:25] [Render thread/INFO] (PluginCaller) Sending Runtime took 555.6 microseconds
[11:59:25] [Render thread/INFO] (LoggedTimer) Starting JEI took 1.438 seconds
[11:59:25] [Render thread/INFO] (Minecraft) Loaded 2 advancements
[11:59:29] [Server thread/INFO] (Minecraft) Saving and pausing game...
[11:59:29] [Server thread/INFO] (Minecraft) Saving chunks for level 'ServerLevel[Test Area - Fabric]'/minecraft:overworld
[11:59:29] [Server thread/INFO] (Minecraft) Saving chunks for level 'ServerLevel[Test Area - Fabric]'/minecraft:the_nether
[11:59:29] [Server thread/INFO] (Minecraft) Saving chunks for level 'ServerLevel[Test Area - Fabric]'/minecraft:the_end
[11:59:32] [Render thread/INFO] (JEIChainCraftMod) C pressed; pickHovered -> minecraft:oak_log (count=1)
[11:59:32] [Render thread/INFO] (JEIChainCraftMod) === build root minecraft:oak_log amountToCraft=1 ===
[11:59:32] [Render thread/INFO] (JEIChainCraftMod) recipesProducing(minecraft:oak_log) -> 
[11:59:34] [Server thread/INFO] (Minecraft) Saving and pausing game...
[11:59:34] [Server thread/INFO] (Minecraft) Saving chunks for level 'ServerLevel[Test Area - Fabric]'/minecraft:overworld
[11:59:34] [Server thread/INFO] (Minecraft) Saving chunks for level 'ServerLevel[Test Area - Fabric]'/minecraft:the_nether
[11:59:34] [Server thread/INFO] (Minecraft) Saving chunks for level 'ServerLevel[Test Area - Fabric]'/minecraft:the_end
[11:59:42] [Render thread/INFO] (Minecraft) Loaded 5 advancements
[11:59:43] [Render thread/INFO] (JEIChainCraftMod) C pressed; pickHovered -> minecraft:oak_door (count=1)
[11:59:43] [Render thread/INFO] (JEIChainCraftMod) === build root minecraft:oak_door amountToCraft=1 ===
[11:59:43] [Render thread/INFO] (JEIChainCraftMod) recipesProducing(minecraft:oak_door) -> minecraft:oak_door
[11:59:43] [Render thread/INFO] (JEIChainCraftMod)   d=0 chose minecraft:oak_door for minecraft:oak_door (alternatives=0)
[11:59:43] [Render thread/INFO] (JEIChainCraftMod) recipesProducing(minecraft:oak_planks) -> minecraft:oak_planks
[11:59:43] [Render thread/INFO] (JEIChainCraftMod)   d=1 chose minecraft:oak_planks for minecraft:oak_planks (alternatives=0)
[11:59:46] [Render thread/INFO] (JEIChainCraftMod) C pressed; pickHovered -> EMPTY (count=0)
[11:59:48] [Render thread/INFO] (Minecraft) Loaded 8 advancements
[11:59:54] [Render thread/INFO] (JEIChainCraftMod) C pressed; pickHovered -> minecraft:jungle_trapdoor (count=1)
[11:59:54] [Render thread/INFO] (JEIChainCraftMod) === build root minecraft:jungle_trapdoor amountToCraft=1 ===
[11:59:54] [Render thread/INFO] (JEIChainCraftMod) recipesProducing(minecraft:jungle_trapdoor) -> minecraft:jungle_trapdoor
[11:59:54] [Render thread/INFO] (JEIChainCraftMod)   d=0 chose minecraft:jungle_trapdoor for minecraft:jungle_trapdoor (alternatives=0)
[11:59:54] [Render thread/INFO] (JEIChainCraftMod) recipesProducing(minecraft:jungle_planks) -> minecraft:jungle_planks
[11:59:54] [Render thread/INFO] (JEIChainCraftMod)   d=1 chose minecraft:jungle_planks for minecraft:jungle_planks (alternatives=0)
[11:59:54] [Render thread/INFO] (JEIChainCraftMod) recipesProducing(minecraft:jungle_log) -> 
[11:59:56] [Render thread/INFO] (JEIChainCraftMod) C pressed; pickHovered -> minecraft:oak_door (count=1)
[11:59:56] [Render thread/INFO] (JEIChainCraftMod) === build root minecraft:oak_door amountToCraft=1 ===
[11:59:56] [Render thread/INFO] (JEIChainCraftMod) recipesProducing(minecraft:oak_door) -> minecraft:oak_door
[11:59:56] [Render thread/INFO] (JEIChainCraftMod)   d=0 chose minecraft:oak_door for minecraft:oak_door (alternatives=0)
[11:59:56] [Render thread/INFO] (JEIChainCraftMod) recipesProducing(minecraft:oak_planks) -> minecraft:oak_planks
[11:59:56] [Render thread/INFO] (JEIChainCraftMod)   d=1 chose minecraft:oak_planks for minecraft:oak_planks (alternatives=0)
[11:59:58] [Render thread/INFO] (JEIChainCraftMod) === build root minecraft:oak_door amountToCraft=64 ===
[11:59:58] [Render thread/INFO] (JEIChainCraftMod) recipesProducing(minecraft:oak_door) -> minecraft:oak_door
[11:59:58] [Render thread/INFO] (JEIChainCraftMod)   d=0 chose minecraft:oak_door for minecraft:oak_door (alternatives=0)
[11:59:58] [Render thread/INFO] (JEIChainCraftMod) recipesProducing(minecraft:oak_planks) -> minecraft:oak_planks
[11:59:58] [Render thread/INFO] (JEIChainCraftMod)   d=1 chose minecraft:oak_planks for minecraft:oak_planks (alternatives=0)
[11:59:58] [Render thread/INFO] (JEIChainCraftMod) === build root minecraft:oak_door amountToCraft=64 ===
[11:59:58] [Render thread/INFO] (JEIChainCraftMod) recipesProducing(minecraft:oak_door) -> minecraft:oak_door
[11:59:58] [Render thread/INFO] (JEIChainCraftMod)   d=0 chose minecraft:oak_door for minecraft:oak_door (alternatives=0)
[11:59:58] [Render thread/INFO] (JEIChainCraftMod) recipesProducing(minecraft:oak_planks) -> minecraft:oak_planks
[11:59:58] [Render thread/INFO] (JEIChainCraftMod)   d=1 chose minecraft:oak_planks for minecraft:oak_planks (alternatives=0)
[11:59:58] [Render thread/INFO] (JEIChainCraftMod) === build root minecraft:oak_door amountToCraft=64 ===
[11:59:58] [Render thread/INFO] (JEIChainCraftMod) recipesProducing(minecraft:oak_door) -> minecraft:oak_door
[11:59:58] [Render thread/INFO] (JEIChainCraftMod)   d=0 chose minecraft:oak_door for minecraft:oak_door (alternatives=0)
[11:59:58] [Render thread/INFO] (JEIChainCraftMod) recipesProducing(minecraft:oak_planks) -> minecraft:oak_planks
[11:59:58] [Render thread/INFO] (JEIChainCraftMod)   d=1 chose minecraft:oak_planks for minecraft:oak_planks (alternatives=0)
[12:00:02] [Render thread/INFO] (JEIChainCraftMod) === build root minecraft:oak_door amountToCraft=64 ===
[12:00:02] [Render thread/INFO] (JEIChainCraftMod) recipesProducing(minecraft:oak_door) -> minecraft:oak_door
[12:00:02] [Render thread/INFO] (JEIChainCraftMod)   d=0 chose minecraft:oak_door for minecraft:oak_door (alternatives=0)
[12:00:02] [Render thread/INFO] (JEIChainCraftMod) recipesProducing(minecraft:oak_planks) -> minecraft:oak_planks
[12:00:02] [Render thread/INFO] (JEIChainCraftMod)   d=1 chose minecraft:oak_planks for minecraft:oak_planks (alternatives=0)
[12:00:02] [Render thread/INFO] (JEIChainCraftMod) === build root minecraft:oak_door amountToCraft=64 ===
[12:00:02] [Render thread/INFO] (JEIChainCraftMod) recipesProducing(minecraft:oak_door) -> minecraft:oak_door
[12:00:02] [Render thread/INFO] (JEIChainCraftMod)   d=0 chose minecraft:oak_door for minecraft:oak_door (alternatives=0)
[12:00:02] [Render thread/INFO] (JEIChainCraftMod) recipesProducing(minecraft:oak_planks) -> minecraft:oak_planks
[12:00:02] [Render thread/INFO] (JEIChainCraftMod)   d=1 chose minecraft:oak_planks for minecraft:oak_planks (alternatives=0)
[12:00:02] [Render thread/INFO] (JEIChainCraftMod) === build root minecraft:oak_door amountToCraft=64 ===
[12:00:02] [Render thread/INFO] (JEIChainCraftMod) recipesProducing(minecraft:oak_door) -> minecraft:oak_door
[12:00:02] [Render thread/INFO] (JEIChainCraftMod)   d=0 chose minecraft:oak_door for minecraft:oak_door (alternatives=0)
[12:00:02] [Render thread/INFO] (JEIChainCraftMod) recipesProducing(minecraft:oak_planks) -> minecraft:oak_planks
[12:00:02] [Render thread/INFO] (JEIChainCraftMod)   d=1 chose minecraft:oak_planks for minecraft:oak_planks (alternatives=0)
[12:00:04] [Render thread/INFO] (Minecraft) Loaded 19 advancements
[12:00:04] [Render thread/INFO] (JEIChainCraftMod) Step minecraft:oak_planks crafts 33/33 (batch 33)
[12:00:04] [Render thread/INFO] (JEIChainCraftMod) Step minecraft:oak_door crafts 22/22 (batch 22)
[12:00:04] [Render thread/INFO] (JEIChainCraftMod) === build root minecraft:oak_door amountToCraft=64 ===
[12:00:04] [Render thread/INFO] (JEIChainCraftMod) recipesProducing(minecraft:oak_door) -> minecraft:oak_door
[12:00:04] [Render thread/INFO] (JEIChainCraftMod)   d=0 chose minecraft:oak_door for minecraft:oak_door (alternatives=0)
[12:00:04] [Render thread/INFO] (JEIChainCraftMod) recipesProducing(minecraft:oak_planks) -> minecraft:oak_planks
[12:00:04] [Render thread/INFO] (JEIChainCraftMod)   d=1 chose minecraft:oak_planks for minecraft:oak_planks (alternatives=0)
[12:00:04] [Render thread/INFO] (JEIChainCraftMod) recipesProducing(minecraft:oak_log) -> 
[12:00:13] [Server thread/INFO] (Minecraft) Saving and pausing game...
[12:00:13] [Server thread/INFO] (Minecraft) Saving chunks for level 'ServerLevel[Test Area - Fabric]'/minecraft:overworld
[12:00:13] [Server thread/INFO] (Minecraft) Saving chunks for level 'ServerLevel[Test Area - Fabric]'/minecraft:the_nether
[12:00:13] [Server thread/INFO] (Minecraft) Saving chunks for level 'ServerLevel[Test Area - Fabric]'/minecraft:the_end
[12:00:23] [Render thread/INFO] (JEIChainCraftMod) C pressed; pickHovered -> minecraft:oak_door (count=2)
[12:00:23] [Render thread/INFO] (JEIChainCraftMod) === build root minecraft:oak_door amountToCraft=2 ===
[12:00:23] [Render thread/INFO] (JEIChainCraftMod) recipesProducing(minecraft:oak_door) -> minecraft:oak_door
[12:00:23] [Render thread/INFO] (JEIChainCraftMod)   d=0 chose minecraft:oak_door for minecraft:oak_door (alternatives=0)
[12:00:23] [Render thread/INFO] (JEIChainCraftMod) recipesProducing(minecraft:oak_planks) -> minecraft:oak_planks
[12:00:23] [Render thread/INFO] (JEIChainCraftMod)   d=1 chose minecraft:oak_planks for minecraft:oak_planks (alternatives=0)
[12:00:29] [Render thread/INFO] (JEIChainCraftMod) C pressed; pickHovered -> minecraft:oak_door (count=1)
[12:00:29] [Render thread/INFO] (JEIChainCraftMod) === build root minecraft:oak_door amountToCraft=1 ===
[12:00:29] [Render thread/INFO] (JEIChainCraftMod) recipesProducing(minecraft:oak_door) -> minecraft:oak_door
[12:00:29] [Render thread/INFO] (JEIChainCraftMod)   d=0 chose minecraft:oak_door for minecraft:oak_door (alternatives=0)
[12:00:29] [Render thread/INFO] (JEIChainCraftMod) recipesProducing(minecraft:oak_planks) -> minecraft:oak_planks
[12:00:29] [Render thread/INFO] (JEIChainCraftMod)   d=1 chose minecraft:oak_planks for minecraft:oak_planks (alternatives=0)
[12:00:34] [Render thread/INFO] (JEIChainCraftMod) C pressed; pickHovered -> minecraft:oak_door (count=64)
[12:00:34] [Render thread/INFO] (JEIChainCraftMod) === build root minecraft:oak_door amountToCraft=64 ===
[12:00:34] [Render thread/INFO] (JEIChainCraftMod) recipesProducing(minecraft:oak_door) -> minecraft:oak_door
[12:00:34] [Render thread/INFO] (JEIChainCraftMod)   d=0 chose minecraft:oak_door for minecraft:oak_door (alternatives=0)
[12:00:34] [Render thread/INFO] (JEIChainCraftMod) recipesProducing(minecraft:oak_planks) -> minecraft:oak_planks
[12:00:34] [Render thread/INFO] (JEIChainCraftMod)   d=1 chose minecraft:oak_planks for minecraft:oak_planks (alternatives=0)
[12:00:34] [Render thread/INFO] (JEIChainCraftMod) recipesProducing(minecraft:oak_log) -> 
[12:00:36] [Render thread/INFO] (JEIChainCraftMod) Step minecraft:oak_planks crafts 31/33 (batch 31)
[12:00:38] [Render thread/WARN] (JEIChainCraftMod) Step minecraft:oak_planks timed out waiting for output (slot 0); moving on
[12:00:38] [Render thread/INFO] (JEIChainCraftMod) Step minecraft:oak_door crafts 20/22 (batch 20)
[12:00:40] [Render thread/WARN] (JEIChainCraftMod) Step minecraft:oak_door timed out waiting for output (slot 0); moving on
[12:00:40] [Render thread/INFO] (JEIChainCraftMod) === build root minecraft:oak_door amountToCraft=64 ===
[12:00:40] [Render thread/INFO] (JEIChainCraftMod) recipesProducing(minecraft:oak_door) -> minecraft:oak_door
[12:00:40] [Render thread/INFO] (JEIChainCraftMod)   d=0 chose minecraft:oak_door for minecraft:oak_door (alternatives=0)
[12:00:40] [Render thread/INFO] (JEIChainCraftMod) recipesProducing(minecraft:oak_planks) -> minecraft:oak_planks
[12:00:40] [Render thread/INFO] (JEIChainCraftMod)   d=1 chose minecraft:oak_planks for minecraft:oak_planks (alternatives=0)
[12:00:40] [Render thread/INFO] (JEIChainCraftMod) recipesProducing(minecraft:oak_log) -> 
[12:00:48] [Render thread/INFO] (JEIChainCraftMod) C pressed; pickHovered -> minecraft:oak_door (count=1)
[12:00:48] [Render thread/INFO] (JEIChainCraftMod) === build root minecraft:oak_door amountToCraft=1 ===
[12:00:48] [Render thread/INFO] (JEIChainCraftMod) recipesProducing(minecraft:oak_door) -> minecraft:oak_door
[12:00:48] [Render thread/INFO] (JEIChainCraftMod)   d=0 chose minecraft:oak_door for minecraft:oak_door (alternatives=0)
[12:00:50] [Render thread/INFO] (JEIChainCraftMod) === build root minecraft:oak_door amountToCraft=1 ===
[12:00:50] [Render thread/INFO] (JEIChainCraftMod) recipesProducing(minecraft:oak_door) -> minecraft:oak_door
[12:00:50] [Render thread/INFO] (JEIChainCraftMod)   d=0 chose minecraft:oak_door for minecraft:oak_door (alternatives=0)
[12:00:50] [Render thread/INFO] (JEIChainCraftMod) === build root minecraft:oak_door amountToCraft=1 ===
[12:00:50] [Render thread/INFO] (JEIChainCraftMod) recipesProducing(minecraft:oak_door) -> minecraft:oak_door
[12:00:50] [Render thread/INFO] (JEIChainCraftMod)   d=0 chose minecraft:oak_door for minecraft:oak_door (alternatives=0)
[12:00:50] [Render thread/INFO] (JEIChainCraftMod) === build root minecraft:oak_door amountToCraft=2 ===
[12:00:50] [Render thread/INFO] (JEIChainCraftMod) recipesProducing(minecraft:oak_door) -> minecraft:oak_door
[12:00:50] [Render thread/INFO] (JEIChainCraftMod)   d=0 chose minecraft:oak_door for minecraft:oak_door (alternatives=0)
[12:00:55] [Render thread/INFO] (JEIChainCraftMod) C pressed; pickHovered -> minecraft:oak_planks (count=64)
[12:00:55] [Render thread/INFO] (JEIChainCraftMod) === build root minecraft:oak_planks amountToCraft=64 ===
[12:00:55] [Render thread/INFO] (JEIChainCraftMod) recipesProducing(minecraft:oak_planks) -> minecraft:oak_planks
[12:00:55] [Render thread/INFO] (JEIChainCraftMod)   d=0 chose minecraft:oak_planks for minecraft:oak_planks (alternatives=0)
[12:00:55] [Render thread/INFO] (JEIChainCraftMod) recipesProducing(minecraft:oak_log) -> 
[12:00:56] [Render thread/INFO] (JEIChainCraftMod) === build root minecraft:oak_planks amountToCraft=64 ===
[12:00:56] [Render thread/INFO] (JEIChainCraftMod) recipesProducing(minecraft:oak_planks) -> minecraft:oak_planks
[12:00:56] [Render thread/INFO] (JEIChainCraftMod)   d=0 chose minecraft:oak_planks for minecraft:oak_planks (alternatives=0)
[12:00:56] [Render thread/INFO] (JEIChainCraftMod) recipesProducing(minecraft:oak_log) -> 
[12:00:56] [Render thread/INFO] (JEIChainCraftMod) === build root minecraft:oak_planks amountToCraft=64 ===
[12:00:56] [Render thread/INFO] (JEIChainCraftMod) recipesProducing(minecraft:oak_planks) -> minecraft:oak_planks
[12:00:56] [Render thread/INFO] (JEIChainCraftMod)   d=0 chose minecraft:oak_planks for minecraft:oak_planks (alternatives=0)
[12:00:56] [Render thread/INFO] (JEIChainCraftMod) recipesProducing(minecraft:oak_log) -> 
[12:00:57] [Render thread/INFO] (JEIChainCraftMod) === build root minecraft:oak_planks amountToCraft=2 ===
[12:00:57] [Render thread/INFO] (JEIChainCraftMod) recipesProducing(minecraft:oak_planks) -> minecraft:oak_planks
[12:00:57] [Render thread/INFO] (JEIChainCraftMod)   d=0 chose minecraft:oak_planks for minecraft:oak_planks (alternatives=0)
[12:00:57] [Render thread/INFO] (JEIChainCraftMod) recipesProducing(minecraft:oak_log) -> 
[12:01:01] [Render thread/WARN] (JEIChainCraftMod) Step minecraft:oak_planks timed out waiting for output (slot 0); moving on
[12:01:01] [Render thread/INFO] (JEIChainCraftMod) === build root minecraft:oak_planks amountToCraft=2 ===
[12:01:01] [Render thread/INFO] (JEIChainCraftMod) recipesProducing(minecraft:oak_planks) -> minecraft:oak_planks
[12:01:01] [Render thread/INFO] (JEIChainCraftMod)   d=0 chose minecraft:oak_planks for minecraft:oak_planks (alternatives=0)
[12:01:01] [Render thread/INFO] (JEIChainCraftMod) recipesProducing(minecraft:oak_log) -> 
[12:01:06] [Render thread/INFO] (JEIChainCraftMod) C pressed; pickHovered -> minecraft:oak_door (count=1)
[12:01:06] [Render thread/INFO] (JEIChainCraftMod) === build root minecraft:oak_door amountToCraft=1 ===
[12:01:06] [Render thread/INFO] (JEIChainCraftMod) recipesProducing(minecraft:oak_door) -> minecraft:oak_door
[12:01:06] [Render thread/INFO] (JEIChainCraftMod)   d=0 chose minecraft:oak_door for minecraft:oak_door (alternatives=0)
[12:01:08] [Render thread/INFO] (JEIChainCraftMod) === build root minecraft:oak_door amountToCraft=1 ===
[12:01:08] [Render thread/INFO] (JEIChainCraftMod) recipesProducing(minecraft:oak_door) -> minecraft:oak_door
[12:01:08] [Render thread/INFO] (JEIChainCraftMod)   d=0 chose minecraft:oak_door for minecraft:oak_door (alternatives=0)
[12:01:09] [Render thread/INFO] (JEIChainCraftMod) === build root minecraft:oak_door amountToCraft=1 ===
[12:01:09] [Render thread/INFO] (JEIChainCraftMod) recipesProducing(minecraft:oak_door) -> minecraft:oak_door
[12:01:09] [Render thread/INFO] (JEIChainCraftMod)   d=0 chose minecraft:oak_door for minecraft:oak_door (alternatives=0)
[12:01:09] [Render thread/INFO] (JEIChainCraftMod) === build root minecraft:oak_door amountToCraft=2 ===
[12:01:09] [Render thread/INFO] (JEIChainCraftMod) recipesProducing(minecraft:oak_door) -> minecraft:oak_door
[12:01:09] [Render thread/INFO] (JEIChainCraftMod)   d=0 chose minecraft:oak_door for minecraft:oak_door (alternatives=0)
[12:01:12] [Render thread/INFO] (JEIChainCraftMod) Step minecraft:oak_door crafts 1/1 (batch 1)
[12:01:12] [Render thread/INFO] (JEIChainCraftMod) === build root minecraft:oak_door amountToCraft=2 ===
[12:01:12] [Render thread/INFO] (JEIChainCraftMod) recipesProducing(minecraft:oak_door) -> minecraft:oak_door
[12:01:12] [Render thread/INFO] (JEIChainCraftMod)   d=0 chose minecraft:oak_door for minecraft:oak_door (alternatives=0)
[12:01:20] [Render thread/INFO] (JEIChainCraftMod) C pressed; pickHovered -> minecraft:oak_door (count=1)
[12:01:20] [Render thread/INFO] (JEIChainCraftMod) === build root minecraft:oak_door amountToCraft=1 ===
[12:01:20] [Render thread/INFO] (JEIChainCraftMod) recipesProducing(minecraft:oak_door) -> minecraft:oak_door
[12:01:20] [Render thread/INFO] (JEIChainCraftMod)   d=0 chose minecraft:oak_door for minecraft:oak_door (alternatives=0)
[12:01:20] [Render thread/INFO] (JEIChainCraftMod) === build root minecraft:oak_door amountToCraft=1 ===
[12:01:20] [Render thread/INFO] (JEIChainCraftMod) recipesProducing(minecraft:oak_door) -> minecraft:oak_door
[12:01:20] [Render thread/INFO] (JEIChainCraftMod)   d=0 chose minecraft:oak_door for minecraft:oak_door (alternatives=0)
[12:01:21] [Render thread/INFO] (JEIChainCraftMod) === build root minecraft:oak_door amountToCraft=1 ===
[12:01:21] [Render thread/INFO] (JEIChainCraftMod) recipesProducing(minecraft:oak_door) -> minecraft:oak_door
[12:01:21] [Render thread/INFO] (JEIChainCraftMod)   d=0 chose minecraft:oak_door for minecraft:oak_door (alternatives=0)
[12:01:21] [Render thread/INFO] (JEIChainCraftMod) === build root minecraft:oak_door amountToCraft=2 ===
[12:01:21] [Render thread/INFO] (JEIChainCraftMod) recipesProducing(minecraft:oak_door) -> minecraft:oak_door
[12:01:21] [Render thread/INFO] (JEIChainCraftMod)   d=0 chose minecraft:oak_door for minecraft:oak_door (alternatives=0)
[12:01:23] [Render thread/INFO] (JEIChainCraftMod) Step minecraft:oak_door crafts 1/1 (batch 1)
[12:01:23] [Render thread/INFO] (JEIChainCraftMod) === build root minecraft:oak_door amountToCraft=2 ===
[12:01:23] [Render thread/INFO] (JEIChainCraftMod) recipesProducing(minecraft:oak_door) -> minecraft:oak_door
[12:01:23] [Render thread/INFO] (JEIChainCraftMod)   d=0 chose minecraft:oak_door for minecraft:oak_door (alternatives=0)
[12:01:33] [Render thread/INFO] (JEIChainCraftMod) C pressed; pickHovered -> minecraft:oak_door (count=1)
[12:01:33] [Render thread/INFO] (JEIChainCraftMod) === build root minecraft:oak_door amountToCraft=1 ===
[12:01:33] [Render thread/INFO] (JEIChainCraftMod) recipesProducing(minecraft:oak_door) -> minecraft:oak_door
[12:01:33] [Render thread/INFO] (JEIChainCraftMod)   d=0 chose minecraft:oak_door for minecraft:oak_door (alternatives=0)
[12:01:34] [Render thread/INFO] (JEIChainCraftMod) === build root minecraft:oak_door amountToCraft=1 ===
[12:01:34] [Render thread/INFO] (JEIChainCraftMod) recipesProducing(minecraft:oak_door) -> minecraft:oak_door
[12:01:34] [Render thread/INFO] (JEIChainCraftMod)   d=0 chose minecraft:oak_door for minecraft:oak_door (alternatives=0)
[12:01:35] [Render thread/INFO] (JEIChainCraftMod) === build root minecraft:oak_door amountToCraft=1 ===
[12:01:35] [Render thread/INFO] (JEIChainCraftMod) recipesProducing(minecraft:oak_door) -> minecraft:oak_door
[12:01:35] [Render thread/INFO] (JEIChainCraftMod)   d=0 chose minecraft:oak_door for minecraft:oak_door (alternatives=0)
[12:01:35] [Render thread/INFO] (JEIChainCraftMod) === build root minecraft:oak_door amountToCraft=64 ===
[12:01:35] [Render thread/INFO] (JEIChainCraftMod) recipesProducing(minecraft:oak_door) -> minecraft:oak_door
[12:01:35] [Render thread/INFO] (JEIChainCraftMod)   d=0 chose minecraft:oak_door for minecraft:oak_door (alternatives=0)
[12:01:35] [Render thread/INFO] (JEIChainCraftMod) === build root minecraft:oak_door amountToCraft=64 ===
[12:01:35] [Render thread/INFO] (JEIChainCraftMod) recipesProducing(minecraft:oak_door) -> minecraft:oak_door
[12:01:35] [Render thread/INFO] (JEIChainCraftMod)   d=0 chose minecraft:oak_door for minecraft:oak_door (alternatives=0)
[12:01:35] [Render thread/INFO] (JEIChainCraftMod) === build root minecraft:oak_door amountToCraft=64 ===
[12:01:35] [Render thread/INFO] (JEIChainCraftMod) recipesProducing(minecraft:oak_door) -> minecraft:oak_door
[12:01:35] [Render thread/INFO] (JEIChainCraftMod)   d=0 chose minecraft:oak_door for minecraft:oak_door (alternatives=0)
[12:01:36] [Render thread/INFO] (JEIChainCraftMod) === build root minecraft:oak_door amountToCraft=64 ===
[12:01:36] [Render thread/INFO] (JEIChainCraftMod) recipesProducing(minecraft:oak_door) -> minecraft:oak_door
[12:01:36] [Render thread/INFO] (JEIChainCraftMod)   d=0 chose minecraft:oak_door for minecraft:oak_door (alternatives=0)
[12:01:36] [Render thread/INFO] (JEIChainCraftMod) === build root minecraft:oak_door amountToCraft=64 ===
[12:01:36] [Render thread/INFO] (JEIChainCraftMod) recipesProducing(minecraft:oak_door) -> minecraft:oak_door
[12:01:36] [Render thread/INFO] (JEIChainCraftMod)   d=0 chose minecraft:oak_door for minecraft:oak_door (alternatives=0)
[12:01:37] [Render thread/INFO] (JEIChainCraftMod) === build root minecraft:oak_door amountToCraft=2 ===
[12:01:37] [Render thread/INFO] (JEIChainCraftMod) recipesProducing(minecraft:oak_door) -> minecraft:oak_door
[12:01:37] [Render thread/INFO] (JEIChainCraftMod)   d=0 chose minecraft:oak_door for minecraft:oak_door (alternatives=0)
[12:01:37] [Render thread/INFO] (JEIChainCraftMod) === build root minecraft:oak_door amountToCraft=26 ===
[12:01:37] [Render thread/INFO] (JEIChainCraftMod) recipesProducing(minecraft:oak_door) -> minecraft:oak_door
[12:01:37] [Render thread/INFO] (JEIChainCraftMod)   d=0 chose minecraft:oak_door for minecraft:oak_door (alternatives=0)
[12:01:39] [Render thread/INFO] (JEIChainCraftMod) Step minecraft:oak_door crafts 9/9 (batch 9)
[12:01:39] [Render thread/INFO] (JEIChainCraftMod) === build root minecraft:oak_door amountToCraft=26 ===
[12:01:39] [Render thread/INFO] (JEIChainCraftMod) recipesProducing(minecraft:oak_door) -> minecraft:oak_door
[12:01:39] [Render thread/INFO] (JEIChainCraftMod)   d=0 chose minecraft:oak_door for minecraft:oak_door (alternatives=0)
[12:01:45] [Server thread/INFO] (Minecraft) Saving and pausing game...
[12:01:45] [Server thread/INFO] (Minecraft) Saving chunks for level 'ServerLevel[Test Area - Fabric]'/minecraft:overworld
[12:01:45] [Server thread/INFO] (Minecraft) Saving chunks for level 'ServerLevel[Test Area - Fabric]'/minecraft:the_nether
[12:01:45] [Server thread/INFO] (Minecraft) Saving chunks for level 'ServerLevel[Test Area - Fabric]'/minecraft:the_end
[12:01:46] [Server thread/INFO] (Minecraft) Player150 lost connection: Disconnected
[12:01:46] [Server thread/INFO] (Minecraft) Player150 left the game
[12:01:46] [Server thread/INFO] (Minecraft) Stopping singleplayer server as player logged out
[12:01:46] [Server thread/INFO] (Minecraft) Stopping server
[12:01:46] [Server thread/INFO] (Minecraft) Saving players
[12:01:46] [Server thread/INFO] (Minecraft) Saving worlds
[12:01:46] [Server thread/INFO] (Minecraft) Saving chunks for level 'ServerLevel[Test Area - Fabric]'/minecraft:overworld
[12:01:47] [Server thread/INFO] (Minecraft) Saving chunks for level 'ServerLevel[Test Area - Fabric]'/minecraft:the_nether
[12:01:47] [Server thread/INFO] (Minecraft) Saving chunks for level 'ServerLevel[Test Area - Fabric]'/minecraft:the_end
[12:01:47] [Server thread/INFO] (Minecraft) ThreadedAnvilChunkStorage (Test Area - Fabric): All chunks are saved
[12:01:47] [Server thread/INFO] (Minecraft) ThreadedAnvilChunkStorage (DIM-1): All chunks are saved
[12:01:47] [Server thread/INFO] (Minecraft) ThreadedAnvilChunkStorage (DIM1): All chunks are saved
[12:01:47] [Server thread/INFO] (Minecraft) ThreadedAnvilChunkStorage: All dimensions are saved
[12:02:06] [Render thread/INFO] (Minecraft) Stopping!
